9/28/2026, 10:33:58 PM - Starting browser
9/28/2026, 10:34:00 PM - Browser opened successfully
9/28/2026, 10:34:00 PM - Opening login page
9/28/2026, 10:34:02 PM - Login page opened successfully
9/28/2026, 10:34:02 PM - Entering email
9/28/2026, 10:34:06 PM - Email entered successfully
9/28/2026, 10:34:06 PM - Entering password
9/28/2026, 10:34:06 PM - Password entered successfully
9/28/2026, 10:34:06 PM - Clicking login button
9/28/2026, 10:34:06 PM - Login button clicked successfully
9/28/2026, 10:34:06 PM - Selecting company
9/28/2026, 10:34:06 PM - Company selected successfully
9/28/2026, 10:34:08 PM - Clicking OK button
9/28/2026, 10:34:08 PM - OK button clicked successfully
9/28/2026, 10:34:08 PM - Clicking System
9/28/2026, 10:34:09 PM - System clicked successfully
9/28/2026, 10:34:09 PM - Clicking Company
9/28/2026, 10:34:10 PM - Company clicked successfully
9/28/2026, 10:34:10 PM - Clicking Add button
9/28/2026, 10:34:11 PM - Add button clicked successfully
9/28/2026, 10:34:11 PM - Starting browser
9/28/2026, 10:34:12 PM - Browser opened successfully
9/28/2026, 10:34:12 PM - Opening login page
9/28/2026, 10:34:13 PM - Login page opened successfully
9/28/2026, 10:34:13 PM - Entering email
9/28/2026, 10:34:15 PM - Email entered successfully
9/28/2026, 10:34:15 PM - Entering password
9/28/2026, 10:34:15 PM - Password entered successfully
9/28/2026, 10:34:15 PM - Clicking login button
9/28/2026, 10:34:16 PM - Login button clicked successfully
9/28/2026, 10:34:16 PM - Login completed successfully
